[90049:90049:0812/173702.445321:ERROR:dbus/object_proxy.cc:572] Failed to call method: org.freedesktop.DBus.Properties.GetAll: object_path= /org/freedesktop/UPower/devices/DisplayDevice: org.freedesktop.DBus.Error.ServiceUnknown: The name org.freedesktop.UPower was not provided by any .service files
[90049:90080:0812/173707.758954:ERROR:google_apis/gcm/engine/mcs_client.cc:702]   Error code: 401  Error message: Authentication Failed: wrong_secret
[90049:90080:0812/173707.758996:ERROR:google_apis/gcm/engine/mcs_client.cc:704] Failed to log in to GCM, resetting connection.
[90049:90080:0812/173708.707836:ERROR:google_apis/gcm/engine/registration_request.cc:291] Registration response error message: PHONE_REGISTRATION_ERROR
[90049:90080:0812/173708.708655:ERROR:google_apis/gcm/engine/registration_request.cc:291] Registration response error message: PHONE_REGISTRATION_ERROR
[90049:90080:0812/173708.709253:ERROR:google_apis/gcm/engine/registration_request.cc:291] Registration response error message: PHONE_REGISTRATION_ERROR
[90049:90080:0812/173739.861789:ERROR:google_apis/gcm/engine/registration_request.cc:291] Registration response error message: DEPRECATED_ENDPOINT
[90049:90080:0812/173841.676849:ERROR:google_apis/gcm/engine/registration_request.cc:291] Registration response error message: DEPRECATED_ENDPOINT
Warning: maxDynamicUniformBuffersPerPipelineLayout artificially reduced from 500000 to 16 to fit dynamic offset allocation limit.
Warning: maxDynamicStorageBuffersPerPipelineLayout artificially reduced from 500000 to 16 to fit dynamic offset allocation limit.
[90049:90049:0812/174002.417934:ERROR:services/on_device_model/public/cpp/service_client.cc:37] Unexpected on_device_model service disconnect; reason: 1, description: Error loading backend.
[90049:90080:0812/174016.921483:ERROR:google_apis/gcm/engine/registration_request.cc:291] Registration response error message: DEPRECATED_ENDPOINT
[90049:90080:0812/174236.386756:ERROR:google_apis/gcm/engine/connection_factory_impl.cc:484] ConnectionHandler failed with net error: -2
[90049:90080:0812/174416.397932:ERROR:google_apis/gcm/engine/registration_request.cc:291] Registration response error message: DEPRECATED_ENDPOINT
[90049:90080:0812/174725.811315:ERROR:google_apis/gcm/engine/connection_factory_impl.cc:484] ConnectionHandler failed with net error: -2
[90049:90049:0812/174725.811902:ERROR:content/common/zygote/zygote_communication_linux.cc:291] Failed to send GetTerminationStatus message to zygote
[90049:90049:0812/174725.814924:ERROR:content/browser/gpu/gpu_process_host.cc:1029] GPU process launch failed: error_code=1002
[90049:90049:0812/174725.816200:ERROR:content/browser/gpu/gpu_process_host.cc:1029] GPU process launch failed: error_code=1002
[90049:90049:0812/174725.817187:ERROR:content/browser/gpu/gpu_process_host.cc:1029] GPU process launch failed: error_code=1002
[90049:90049:0812/174725.817931:ERROR:content/browser/gpu/gpu_process_host.cc:1029] GPU process launch failed: error_code=1002
[90049:90049:0812/174725.818585:ERROR:content/browser/gpu/gpu_process_host.cc:1029] GPU process launch failed: error_code=1002
[90049:90049:0812/174725.819203:ERROR:content/browser/gpu/gpu_process_host.cc:1029] GPU process launch failed: error_code=1002
[90049:90049:0812/174725.819222:FATAL:content/browser/gpu/gpu_data_manager_impl_private.cc:417] GPU process isn't usable. Goodbye.
[0812/174725.837572:ERROR:third_party/crashpad/crashpad/util/file/file_io_posix.cc:145] open /sys/devices/system/cpu/cpu0/cpufreq/scaling_cur_freq: No such file or directory (2)
[0812/174725.837896:ERROR:third_party/crashpad/crashpad/util/file/file_io_posix.cc:145] open /sys/devices/system/cpu/cpu0/cpufreq/scaling_max_freq: No such file or directory (2)
